Resolving dependencies...
Downloading packages...
  _fe_analyzer_shared 89.0.0 (93.0.0 available)
  _flutterfire_internals 1.3.59 (1.3.65 available)
  analyzer 8.2.0 (10.0.0 available)
  app_badge_plus 1.2.3 (1.2.6 available)
  build 4.0.1 (4.0.3 available)
  build_daemon 4.0.4 (4.1.1 available)
  build_runner 2.9.0 (2.10.4 available)
  built_value 8.12.0 (8.12.1 available)
  cel 0.5.3 (0.5.4+1 available)
  characters 1.4.0 (1.4.1 available)
  cloud_firestore 5.6.12 (6.1.1 available)
  cloud_firestore_platform_interface 6.6.12 (7.0.5 available)
  cloud_firestore_web 4.4.12 (5.1.1 available)
  cloud_functions 5.6.2 (6.0.5 available)
  cloud_functions_platform_interface 5.8.2 (5.8.8 available)
  cloud_functions_web 4.11.5 (5.1.1 available)
  code_builder 4.11.0 (4.11.1 available)
  cross_file 0.3.4+2 (0.3.5+1 available)
  crypto 3.0.6 (3.0.7 available)
  dart_style 3.1.2 (3.1.3 available)
  equatable 2.0.7 (2.0.8 available)
  fake_cloud_firestore 3.1.0 (4.0.1 available)
  ffi 2.1.4 (2.1.5 available)
  file_picker 10.3.3 (10.3.8 available)
  file_selector_linux 0.9.3+2 (0.9.4 available)
  file_selector_macos 0.9.4+4 (0.9.5 available)
  file_selector_platform_interface 2.6.2 (2.7.0 available)
  file_selector_windows 0.9.3+4 (0.9.3+5 available)
  firebase_auth 5.7.0 (6.1.3 available)
  firebase_auth_platform_interface 7.7.3 (8.1.5 available)
  firebase_auth_web 5.15.3 (6.1.1 available)
  firebase_core 3.15.2 (4.3.0 available)
  firebase_core_platform_interface 6.0.1 (6.0.2 available)
  firebase_core_web 2.24.1 (3.3.1 available)
  firebase_messaging 15.2.10 (16.1.0 available)
  firebase_messaging_platform_interface 4.6.10 (4.7.5 available)
  firebase_messaging_web 3.10.10 (4.1.1 available)
  firebase_storage 12.4.10 (13.0.5 available)
  firebase_storage_platform_interface 5.2.10 (5.2.16 available)
  firebase_storage_web 3.10.17 (3.11.1 available)
  flutter_launcher_icons 0.13.1 (0.14.4 available)
  flutter_local_notifications 17.2.4 (19.5.0 available)
  flutter_local_notifications_linux 4.0.1 (6.0.0 available)
  flutter_local_notifications_platform_interface 7.2.0 (9.1.0 available)
  flutter_plugin_android_lifecycle 2.0.30 (2.0.33 available)
  flutter_secure_storage 9.2.4 (10.0.0 available)
  flutter_secure_storage_linux 1.2.3 (3.0.0 available)
  flutter_secure_storage_macos 3.1.3 (4.0.0 available)
  flutter_secure_storage_platform_interface 1.1.2 (2.0.1 available)
  flutter_secure_storage_web 1.2.1 (2.1.0 available)
  flutter_secure_storage_windows 3.1.2 (4.1.0 available)
  go_router 15.1.3 (17.0.1 available)
  http 1.5.0 (1.6.0 available)
  image 4.5.4 (4.7.2 available)
  image_picker 1.2.0 (1.2.1 available)
  image_picker_android 0.8.13+3 (0.8.13+10 available)
  image_picker_for_web 3.1.0 (3.1.1 available)
  image_picker_ios 0.8.13 (0.8.13+3 available)
  image_picker_macos 0.2.2 (0.2.2+1 available)
  image_picker_platform_interface 2.11.0 (2.11.1 available)
  in_app_purchase_android 0.4.0+4 (0.4.0+8 available)
  in_app_purchase_storekit 0.4.6 (0.4.7 available)
  js 0.6.7 (0.7.2 available)
  local_auth 2.3.0 (3.0.0 available)
  local_auth_android 1.0.53 (2.0.4 available)
  local_auth_darwin 1.6.1 (2.0.1 available)
  local_auth_windows 1.0.11 (2.0.1 available)
  mailer 6.5.0 (6.6.0 available)
  matcher 0.12.17 (0.12.18 available)
  material_color_utilities 0.11.1 (0.13.0 available)
  meta 1.16.0 (1.17.0 available)
  mockito 5.5.1 (5.6.1 available)
  more 4.6.1 (4.7.0 available)
  path_provider_android 2.2.18 (2.2.22 available)
  path_provider_foundation 2.4.2 (2.5.1 available)
  permission_handler 11.4.0 (12.0.1 available)
  permission_handler_android 12.1.0 (13.0.1 available)
  rx 0.4.0 (0.5.0 available)
  share_plus 11.1.0 (12.0.1 available)
  shared_preferences 2.5.3 (2.5.4 available)
  shared_preferences_android 2.4.14 (2.4.18 available)
  shared_preferences_foundation 2.5.4 (2.5.6 available)
  source_gen 4.0.1 (4.1.1 available)
  test_api 0.7.6 (0.7.9 available)
  timezone 0.9.4 (0.11.0 available)
  url_launcher_android 6.3.23 (6.3.28 available)
  url_launcher_ios 6.3.4 (6.3.6 available)
  url_launcher_linux 3.2.1 (3.2.2 available)
  url_launcher_macos 3.2.3 (3.2.5 available)
  url_launcher_windows 3.1.4 (3.1.5 available)
  uuid 4.5.1 (4.5.2 available)
  video_player 2.10.0 (2.10.1 available)
  video_player_android 2.8.14 (2.9.1 available)
  video_player_avfoundation 2.8.4 (2.8.9 available)
  video_player_platform_interface 6.4.0 (6.6.0 available)
  watcher 1.1.4 (1.2.1 available)
  win32 5.14.0 (5.15.0 available)
Got dependencies!
97 packages have newer versions incompatible with dependency constraints.
Try `flutter pub outdated` for more information.
Building com.beylet.poppinsApp for simulator (ios)...
Running Xcode build...                                          
Xcode build done.                                           17,5s
Failed to build iOS app
Error output from Xcode build:
↳
    ** BUILD FAILED **


Xcode's output:
↳
    Writing result bundle at path:
    	/var/folders/tj/mrnrxdqn1rj3cgn1rcwlt6440000gn/T/flutter_tools.oLaVot/flutter_ios_build_temp_dir7KnjWm/temporary_xcresult_bundle

    No file or variants found for asset: assets/images/Icone_home.png.

    Target debug_ios_bundle_flutter_assets failed: Exception: Failed to bundle asset files.
    Failed to package /Users/chrismac/poppins.
    Command PhaseScriptExecution failed with a nonzero exit code
    warning: Run script build phase 'Create Symlinks to Header Folders' will be run during every build because it does not specify any outputs. To address this issue, either add output dependencies to the script phase, or configure it to run in every build by unchecking "Based on dependency analysis" in the script phase. (in target 'BoringSSL-GRPC' from project 'Pods')
    warning: Run script build phase 'Create Symlinks to Header Folders' will be run during every build because it does not specify any outputs. To address this issue, either add output dependencies to the script phase, or configure it to run in every build by unchecking "Based on dependency analysis" in the script phase. (in target 'abseil' from project 'Pods')
    warning: no rule to process file '/Users/chrismac/.pub-cache/hosted/pub.dev/app_badge_plus-1.2.3/ios/app_badge_plus/Source/app_badge_plus/Resources/PrivacyInfo.xcprivacy' of type 'text.xml' for architecture 'arm64' (in target 'app_badge_plus' from project 'Pods')
    warning: no rule to process file '/Users/chrismac/.pub-cache/hosted/pub.dev/app_badge_plus-1.2.3/ios/app_badge_plus/Source/app_badge_plus/Resources/PrivacyInfo.xcprivacy' of type 'text.xml' for architecture 'x86_64' (in target 'app_badge_plus' from project 'Pods')
    warning: Run script build phase 'Create Symlinks to Header Folders' will be run during every build because it does not specify any outputs. To address this issue, either add output dependencies to the script phase, or configure it to run in every build by unchecking "Based on dependency analysis" in the script phase. (in target 'gRPC-Core' from project 'Pods')
    warning: Run script build phase 'Create Symlinks to Header Folders' will be run during every build because it does not specify any outputs. To address this issue, either add output dependencies to the script phase, or configure it to run in every build by unchecking "Based on dependency analysis" in the script phase. (in target 'gRPC-C++' from project 'Pods')
    note: Run script build phase 'Run Script' will be run during every build because the option to run the script phase "Based on dependency analysis" is unchecked. (in target 'Runner' from project 'Runner')
    note: Run script build phase 'Thin Binary' will be run during every build because the option to run the script phase "Based on dependency analysis" is unchecked. (in target 'Runner' from project 'Runner')

Encountered error while building for simulator.
