Flutter crash report.
Please report a bug at https://github.com/flutter/flutter/issues.

## command

flutter analyze lib/screens/auth_check_screen.dart lib/screens/parent_invitation_service.dart lib/screens/mam_member_add_screen.dart lib/screens/invitation_signup_screen.dart

## exception

_Exception: Exception: analysis server exited with code 64 and output:
[stderr] 
[stderr] Project
[stderr]   compile    Compile Dart to various formats.
[stderr]   create     Create a new Dart project.
[stderr]   pub        Work with packages.
[stderr]   run        Run a Dart program.
[stderr]   test       Run tests for a project.
[stderr] 
[stderr] Source code
[stderr]   analyze    Analyze Dart code in a directory.
[stderr]   doc        Generate API documentation for Dart projects.
[stderr]   fix        Apply automated fixes to Dart source code.
[stderr]   format     Idiomatically format Dart source code.
[stderr] 
[stderr] Tools
[stderr]   devtools   Open DevTools (optionally connecting to an existing application).
[stderr]   info       Show diagnostic information about the installed tooling.
[stderr] 
[stderr] Run "dart help <command>" for more information about a command.
[stderr] See https://dart.dev/tools/dart-tool for detailed documentation.

```
```

## flutter doctor

```
[✓] Flutter (Channel stable, 3.35.3, on macOS 26.2 25C56 darwin-arm64, locale fr-FR) [725ms]
    • Flutter version 3.35.3 on channel stable at /Users/chrismac/Development/flutter
    • Upstream repository https://github.com/flutter/flutter.git
    • Framework revision a402d9a437 (6 months ago), 2025-09-03 14:54:31 -0700
    • Engine revision ddf47dd3ff
    • Dart version 3.9.2
    • DevTools version 2.48.0
    • Feature flags: enable-web, enable-linux-desktop, enable-macos-desktop, enable-windows-desktop, enable-android, enable-ios, cli-animations, enable-lldb-debugging

[✓] Android toolchain - develop for Android devices (Android SDK version 36.0.0) [5,5s]
    • Android SDK at /Users/chrismac/Library/Android/sdk
    • Emulator version 35.4.9.0 (build_id 13025442) (CL:N/A)
    • Platform android-36, build-tools 36.0.0
    • Java binary at: /opt/homebrew/opt/openjdk@17/bin/java
      This JDK is specified in your Flutter configuration.
      To change the current JDK, run: `flutter config --jdk-dir="path/to/jdk"`.
    • Java version OpenJDK Runtime Environment Homebrew (build 17.0.17+0)
    • All Android licenses accepted.

[✓] Xcode - develop for iOS and macOS (Xcode 26.0.1) [3,3s]
    • Xcode at /Applications/Xcode.app/Contents/Developer
    • Build 17A400
    • CocoaPods version 1.16.2

[✓] Chrome - develop for the web [13ms]
    • Chrome at /Applications/Google Chrome.app/Contents/MacOS/Google Chrome

[!] Android Studio (not installed) [12ms]
    • Android Studio not found; download from https://developer.android.com/studio/index.html
      (or visit https://flutter.dev/to/macos-android-setup for detailed instructions).

[✓] VS Code (version 1.110.1) [11ms]
    • VS Code at /Applications/Visual Studio Code.app/Contents
    • Flutter extension version 3.130.0

[✓] Connected device (5 available) [10,4s]
    • iPad de Christophe (wireless) (mobile)       • 00008103-000219C11421A01E            • ios            • iOS 26.3 23D5103d
    • iPhone de Christophe (2) (wireless) (mobile) • 00008120-00141D543A6A601E            • ios            • iOS 26.1 23B85
    • Iphone 17 Pro (mobile)                       • 8984BA8B-72D6-4951-8165-F324CCB1D5BF • ios            • com.apple.CoreSimulator.SimRuntime.iOS-26-0 (simulator)
    • macOS (desktop)                              • macos                                • darwin-arm64   • macOS 26.2 25C56 darwin-arm64
    • Chrome (web)                                 • chrome                               • web-javascript • Google Chrome 145.0.7632.160
    ! Error: Browsing on the local area network for iPhone 27 de Tomeeee. Ensure the device is unlocked and attached with a cable or associated with the same local area network as this Mac.
      The device must be opted into Developer Mode to connect wirelessly. (code -27)

[✓] Network resources [368ms]
    • All expected network resources are available.

! Doctor found issues in 1 category.
```
